BL51 BANKED LINKER/LOCATER V6.22                                                        05/21/2014  21:01:39  PAGE 1


BL51 BANKED LINKER/LOCATER V6.22, INVOKED BY:
D:\KEIL\C51\BIN\BL51.EXE STARTUP.obj, main.obj TO Test RAMSIZE (256)


MEMORY MODEL: SMALL


INPUT MODULES INCLUDED:
  STARTUP.obj (?C_STARTUP)
  main.obj (MAIN)
  D:\KEIL\C51\LIB\C51S.LIB (?C?CLDPTR)


LINK MAP OF MODULE:  Test (?C_STARTUP)


            TYPE    BASE      LENGTH    RELOCATION   SEGMENT NAME
            -----------------------------------------------------

            * * * * * * *   D A T A   M E M O R Y   * * * * * * *
            REG     0000H     0008H     ABSOLUTE     "REG BANK 0"
            IDATA   0008H     0001H     UNIT         ?STACK

            * * * * * * *   C O D E   M E M O R Y   * * * * * * *
            CODE    0000H     0003H     ABSOLUTE     
            CODE    0003H     0003H     ABSOLUTE     
                    0006H     07FAH                  *** GAP ***
            CODE    0800H     002DH     UNIT         ?PR?INT0?MAIN
            CODE    082DH     001AH     UNIT         ?PR?INIT?MAIN
            CODE    0847H     0019H     UNIT         ?C?LIB_CODE
            CODE    0860H     0016H     UNIT         ?PR?_SEND_STR?MAIN
            CODE    0876H     000CH     UNIT         ?C_C51STARTUP
            CODE    0882H     0005H     UNIT         ?PR?MAIN?MAIN
            CODE    0887H     0003H     UNIT         ?CO?MAIN



OVERLAY MAP OF MODULE:   Test (?C_STARTUP)


SEGMENT
  +--> CALLED SEGMENT
---------------------
?C_C51STARTUP
  +--> ?PR?MAIN?MAIN

?PR?MAIN?MAIN
  +--> ?PR?INIT?MAIN

*** NEW ROOT ***************************************************

?PR?INT0?MAIN
  +--> ?CO?MAIN
  +--> ?PR?_SEND_STR?MAIN



SYMBOL TABLE OF MODULE:  Test (?C_STARTUP)
BL51 BANKED LINKER/LOCATER V6.22                                                      05/21/2014  21:01:39  PAGE 2



  VALUE           TYPE          NAME
  ----------------------------------

  -------         MODULE        ?C_STARTUP
  C:0876H         SEGMENT       ?C_C51STARTUP
  I:0008H         SEGMENT       ?STACK
  C:0000H         PUBLIC        ?C_STARTUP
  D:00E0H         SYMBOL        ACC
  D:00F0H         SYMBOL        B
  D:0083H         SYMBOL        DPH
  D:0082H         SYMBOL        DPL
  N:0000H         SYMBOL        IBPSTACK
  N:0100H         SYMBOL        IBPSTACKTOP
  N:0080H         SYMBOL        IDATALEN
  C:0879H         SYMBOL        IDATALOOP
  N:0000H         SYMBOL        PBPSTACK
  N:0100H         SYMBOL        PBPSTACKTOP
  N:0000H         SYMBOL        PDATALEN
  N:0000H         SYMBOL        PDATASTART
  N:0000H         SYMBOL        PPAGE
  N:0000H         SYMBOL        PPAGEENABLE
  D:00A0H         SYMBOL        PPAGE_SFR
  D:0081H         SYMBOL        SP
  C:0876H         SYMBOL        STARTUP1
  N:0000H         SYMBOL        XBPSTACK
  N:0000H         SYMBOL        XBPSTACKTOP
  N:0000H         SYMBOL        XDATALEN
  N:0000H         SYMBOL        XDATASTART
  C:0000H         LINE#         126
  C:0876H         LINE#         133
  C:0878H         LINE#         134
  C:0879H         LINE#         135
  C:087AH         LINE#         136
  C:087CH         LINE#         185
  C:087FH         LINE#         196
  -------         ENDMOD        ?C_STARTUP

  -------         MODULE        MAIN
  C:0000H         SYMBOL        _ICE_DUMMY_
  D:0090H         PUBLIC        P1
  D:00B0H         PUBLIC        P3
  B:00A8H.7       PUBLIC        EA
  D:00A8H         PUBLIC        IE
  B:00A8H.4       PUBLIC        ES
  D:00B8H         PUBLIC        IP
  B:0098H.1       PUBLIC        TI
  C:0882H         PUBLIC        main
  D:0099H         PUBLIC        SBUF
  D:0087H         PUBLIC        PCON
  D:0098H         PUBLIC        SCON
  D:0089H         PUBLIC        TMOD
  D:0088H         PUBLIC        TCON
  C:082DH         PUBLIC        init
  B:00A8H.0       PUBLIC        EX0
  B:0088H.0       PUBLIC        IT0
  D:008DH         PUBLIC        TH1
BL51 BANKED LINKER/LOCATER V6.22                                                      05/21/2014  21:01:39  PAGE 3


  D:008BH         PUBLIC        TL1
  B:0088H.6       PUBLIC        TR1
  C:0860H         PUBLIC        _send_str
  D:00C8H         PUBLIC        T2CON
  D:00D0H         PUBLIC        PSW
  C:0800H         PUBLIC        int0
  -------         PROC          _SEND_STR
  D:0001H         SYMBOL        p
  C:0860H         LINE#         4
  C:0860H         LINE#         5
  C:0860H         LINE#         6
  C:0865H         LINE#         7
  C:0865H         LINE#         8
  C:0867H         LINE#         9
  C:086AH         LINE#         10
  C:086CH         LINE#         11
  C:0873H         LINE#         12
  C:0875H         LINE#         13
  -------         ENDPROC       _SEND_STR
  -------         PROC          INT0
  -------         DO            
  D:0001H         SYMBOL        com
  -------         ENDDO         
  C:0800H         LINE#         15
  C:0813H         LINE#         17
  C:0819H         LINE#         18
  C:081CH         LINE#         19
  -------         ENDPROC       INT0
  -------         PROC          INIT
  C:082DH         LINE#         21
  C:082DH         LINE#         22
  C:082DH         LINE#         23
  C:0830H         LINE#         24
  C:0833H         LINE#         25
  C:0836H         LINE#         27
  C:0839H         LINE#         28
  C:083CH         LINE#         29
  C:083EH         LINE#         30
  C:0840H         LINE#         31
  C:0842H         LINE#         33
  C:0844H         LINE#         34
  C:0846H         LINE#         35
  -------         ENDPROC       INIT
  -------         PROC          MAIN
  C:0882H         LINE#         36
  C:0882H         LINE#         37
  C:0882H         LINE#         38
  C:0885H         LINE#         39
  -------         ENDPROC       MAIN
  -------         ENDMOD        MAIN

  -------         MODULE        ?C?CLDPTR
  C:0847H         PUBLIC        ?C?CLDPTR
  -------         ENDMOD        ?C?CLDPTR

******************************************************************************
* RESTRICTED VERSION WITH 0800H BYTE CODE SIZE LIMIT; USED: 0077H BYTE ( 5%) *
BL51 BANKED LINKER/LOCATER V6.22                                                      05/21/2014  21:01:39  PAGE 4


******************************************************************************

Program Size: data=9.0 xdata=0 code=144
LINK/LOCATE RUN COMPLETE.  0 WARNING(S),  0 ERROR(S)
